node : [0m[7m[1m[31m FAIL [39m[22m[27m[0m 
[2mtests/[22m[1mpredictionEngine.test.js[22m
At line:1 char:1
+ node --experimental-vm-modules ../node_modules/jest/bin/jest.js --for ...
+ ~~~~~~~~~~~~~~~~~~~~~~~~~~~~~~~~~~~~~~~~~~~~~~~~~~~~~~~~~~~~~~~~~~~~~
    + CategoryInfo          : NotSpecified: ([0m[7m[1m[3...ne.test.js[22m: 
   String) [], RemoteException
    + FullyQualifiedErrorId : NativeCommandError
 
  [1mΓùÅ [22mTest suite failed to run

    ReferenceError: jest is not defined

    [0m [90m 10 |[39m [90m// ΓöÇΓöÇΓöÇ Mock Setup (must be BEFORE any 
dynamic imports) ΓöÇΓöÇΓöÇΓöÇΓöÇΓöÇΓöÇΓöÇΓöÇΓöÇΓöÇΓöÇ[39m
     [90m 11 |[39m
    [31m[1m>[22m[39m[90m 12 |[39m [36mconst[39m mockFirestoreGet 
[33m=[39m jest[33m.[39mfn()[33m;[39m
     [90m    |[39m                          [31m[1m^[22m[39m
     [90m 13 |[39m [36mconst[39m mockFirestoreSet [33m=[39m 
jest[33m.[39mfn()[33m;[39m
     [90m 14 |[39m
     [90m 15 |[39m [90m// Build a mock Firestore factory we can configure 
per test[39m[0m

      [2mat 
[22m[0m[36mtests/predictionEngine.test.js[39m[0m[2m:12:26[22m

[1mTest Suites: [22m[1m[31m1 failed[39m[22m, 1 total
[1mTests:       [22m0 total
[1mSnapshots:   [22m0 total
[1mTime:[22m        0.226 s
[2mRan all test suites[22m[2m.[22m
(node:17968) ExperimentalWarning: VM Modules is an experimental feature and 
might change at any time
(Use `node --trace-warnings ...` to show where the warning was created)
